KEEP htrain_0002_sort_unique+grep_count       calls=2
KEEP htrain_0000_word_freq+tail_lines         calls=3
KEEP htrain_0004_symlink+move_file            calls=1
KEEP htrain_0001_empty_files+replace_text     calls=5
KEEP htrain_0003_tar_extract+touch_many       calls=2
KEEP htrain_0007_symlink+move_file            calls=1
KEEP htrain_0006_concat+copy_file             calls=2
KEEP htrain_0005_replace_text+char_count      calls=3
KEEP htrain_0008_line_number_match+mkdir_tree calls=3
KEEP htrain_0009_max_number+tar_create        calls=3
KEEP htrain_0010_replace_text+tar_create      calls=3
KEEP htrain_0011_tar_extract+count_words      calls=3
KEEP htrain_0013_tar_create+find_by_content   calls=3
KEEP htrain_0012_rename_ext+sort_unique       calls=3
KEEP htrain_0016_concat+count_files_ext       calls=3
KEEP htrain_0017_copy_file+char_count         calls=2
KEEP htrain_0015_empty_files+sort_unique      calls=6
KEEP htrain_0018_count_lines+sort_unique      calls=3
KEEP htrain_0019_symlink+count_lines          calls=3
KEEP htrain_0014_cut_field+dir_sizes          calls=7
KEEP htrain_0020_tail_lines+tar_create        calls=2
KEEP htrain_0021_cut_field+tar_create         calls=3
KEEP htrain_0024_replace_text+sum_column      calls=3
KEEP htrain_0023_rename_ext+gzip_file         calls=4
KEEP htrain_0022_max_number+cut_field         calls=3
KEEP htrain_0025_json_extract+concat          calls=3
KEEP htrain_0026_rename_ext+dir_sizes         calls=4
KEEP htrain_0027_tar_create+delete_pattern    calls=3
KEEP htrain_0028_tar_create+dir_sizes         calls=4
KEEP htrain_0030_rename_ext+count_files_ext   calls=4
drop htrain_0029_delete_pattern+append_line  
KEEP htrain_0031_append_line+copy_file        calls=2
KEEP htrain_0033_tail_lines+char_count        calls=2
KEEP htrain_0032_grep_count+gzip_file         calls=4
KEEP htrain_0036_word_freq+tar_create         calls=3
KEEP htrain_0034_sum_column+rename_ext        calls=7
KEEP htrain_0037_concat+grep_count            calls=3
KEEP htrain_0038_touch_many+dir_sizes         calls=3
KEEP htrain_0039_mkdir_tree+tar_extract       calls=2
KEEP htrain_0041_replace_text+chmod_exec      calls=1
KEEP htrain_0040_count_words+head_lines       calls=3
KEEP htrain_0042_head_lines+tar_create        calls=1
KEEP htrain_0035_delete_pattern+gzip_file     calls=3
KEEP htrain_0043_word_freq+chmod_exec         calls=3
KEEP htrain_0045_touch_many+move_file         calls=2
KEEP htrain_0046_concat+find_by_content       calls=3
drop htrain_0044_concat+dir_sizes            
KEEP htrain_0047_cut_field+gzip_file          calls=3
KEEP htrain_0049_head_lines+sum_column        calls=3
KEEP htrain_0048_chmod_exec+reverse_lines     calls=5
KEEP htrain_0050_rename_ext+count_lines       calls=2
KEEP htrain_0053_tar_extract+reverse_lines    calls=3
KEEP htrain_0051_count_files_ext+delete_pattern calls=5
KEEP htrain_0052_delete_pattern+rename_ext    calls=4
KEEP htrain_0055_reverse_lines+move_file      calls=4
KEEP htrain_0054_count_files_ext+cut_field    calls=6
KEEP htrain_0056_reverse_lines+max_number     calls=5
KEEP htrain_0059_gzip_file+concat             calls=1
KEEP htrain_0058_concat+copy_file             calls=3
KEEP htrain_0057_symlink+reverse_lines        calls=3
KEEP htrain_0062_symlink+count_lines          calls=3
KEEP htrain_0060_delete_pattern+cut_field     calls=3
KEEP htrain_0061_symlink+sum_column           calls=3
KEEP htrain_0064_touch_many+symlink           calls=1
KEEP htrain_0063_tar_create+json_extract      calls=4
KEEP htrain_0066_word_freq+tail_lines         calls=4
KEEP htrain_0065_empty_files+count_words      calls=5
KEEP htrain_0069_reverse_lines+gzip_file      calls=1
KEEP htrain_0068_move_file+tar_extract        calls=2
KEEP htrain_0067_find_largest+replace_text    calls=4
KEEP htrain_0070_word_freq+reverse_lines      calls=4
KEEP htrain_0072_line_number_match+tail_lines calls=4
KEEP htrain_0071_json_extract+replace_text    calls=4
KEEP htrain_0073_head_lines+sum_column        calls=3
KEEP htrain_0075_head_lines+move_file         calls=2
KEEP htrain_0074_gzip_file+word_freq          calls=2
KEEP htrain_0076_head_lines+count_files_ext   calls=3
KEEP htrain_0077_char_count+replace_text      calls=3
KEEP htrain_0078_sort_unique+symlink          calls=3
KEEP htrain_0079_copy_file+count_lines        calls=1
KEEP htrain_0082_move_file+tar_extract        calls=2
KEEP htrain_0081_cut_field+head_lines         calls=3
KEEP htrain_0080_reverse_lines+sort_unique    calls=5
KEEP htrain_0085_copy_file+concat             calls=1
KEEP htrain_0086_count_lines+head_lines       calls=1
KEEP htrain_0083_dir_sizes+move_file          calls=5
KEEP htrain_0088_move_file+count_words        calls=1
KEEP htrain_0089_copy_file+replace_text       calls=1
KEEP htrain_0087_chmod_exec+empty_files       calls=3
KEEP htrain_0084_tar_extract+reverse_lines    calls=6
KEEP htrain_0090_symlink+tar_create           calls=3
KEEP htrain_0092_move_file+head_lines         calls=1
KEEP htrain_0091_move_file+sum_column         calls=6
KEEP htrain_0093_delete_pattern+head_lines    calls=3
KEEP htrain_0094_tar_create+count_words       calls=3
KEEP htrain_0095_move_file+count_words        calls=1
KEEP htrain_0096_move_file+count_files_ext    calls=3
KEEP htrain_0098_append_line+empty_files      calls=3
KEEP htrain_0097_sum_column+move_file         calls=5
KEEP htrain_0099_tar_extract+sum_column       calls=3
KEEP htrain_0101_head_lines+sort_unique       calls=3
KEEP htrain_0100_symlink+tail_lines           calls=3
KEEP htrain_0102_delete_pattern+empty_files   calls=3
KEEP htrain_0103_cut_field+head_lines         calls=3
KEEP htrain_0104_mkdir_tree+find_largest      calls=3
KEEP htrain_0105_reverse_lines+cut_field      calls=5
KEEP htrain_0107_json_extract+delete_pattern  calls=3
KEEP htrain_0106_cut_field+find_by_content    calls=6
KEEP htrain_0108_count_words+cut_field        calls=3
KEEP htrain_0109_tail_lines+delete_pattern    calls=3
KEEP htrain_0110_word_freq+move_file          calls=4
KEEP htrain_0112_concat+find_by_content       calls=3
KEEP htrain_0111_chmod_exec+word_freq         calls=3
KEEP htrain_0113_move_file+sort_unique        calls=2
KEEP htrain_0114_sort_unique+count_words      calls=1
KEEP htrain_0115_copy_file+concat             calls=3
KEEP htrain_0116_touch_many+head_lines        calls=2
KEEP htrain_0117_tar_extract+append_line      calls=2
KEEP htrain_0118_delete_pattern+symlink       calls=2
KEEP htrain_0120_chmod_exec+word_freq         calls=3
KEEP htrain_0121_sort_unique+delete_pattern   calls=3
KEEP htrain_0119_line_number_match+rename_ext calls=6
KEEP htrain_0124_dir_sizes+move_file          calls=2
KEEP htrain_0122_tar_extract+word_freq        calls=3
KEEP htrain_0123_empty_files+move_file        calls=4
KEEP htrain_0125_touch_many+tar_extract       calls=2
KEEP htrain_0126_symlink+sum_column           calls=3
KEEP htrain_0127_count_files_ext+tar_create   calls=3
KEEP htrain_0129_tail_lines+grep_count        calls=2
KEEP htrain_0130_dir_sizes+gzip_file          calls=4
KEEP htrain_0128_find_by_content+tail_lines   calls=7
KEEP htrain_0131_concat+empty_files           calls=3
KEEP htrain_0132_reverse_lines+gzip_file      calls=1
KEEP htrain_0133_chmod_exec+replace_text      calls=2
KEEP htrain_0134_sort_unique+dir_sizes        calls=4
KEEP htrain_0135_sort_unique+tail_lines       calls=3
KEEP htrain_0137_chmod_exec+empty_files       calls=1
KEEP htrain_0138_sort_unique+replace_text     calls=2
KEEP htrain_0136_replace_text+find_by_content calls=6
KEEP htrain_0139_empty_files+symlink          calls=4
KEEP htrain_0141_word_freq+append_line        calls=4
KEEP htrain_0140_max_number+symlink           calls=3
KEEP htrain_0142_empty_files+touch_many       calls=4
KEEP htrain_0143_count_lines+tar_create       calls=3
KEEP htrain_0144_concat+grep_count            calls=2
KEEP htrain_0145_move_file+char_count         calls=1
KEEP htrain_0146_copy_file+max_number         calls=1
KEEP htrain_0147_mkdir_tree+sum_column        calls=4
KEEP htrain_0149_line_number_match+touch_many calls=3
KEEP htrain_0148_find_by_content+sort_unique  calls=6
KEEP htrain_0151_chmod_exec+mkdir_tree        calls=1
KEEP htrain_0150_reverse_lines+chmod_exec     calls=4
KEEP htrain_0152_chmod_exec+rename_ext        calls=3
KEEP htrain_0153_sort_unique+touch_many       calls=3
KEEP htrain_0154_delete_pattern+rename_ext    calls=5
KEEP htrain_0157_move_file+mkdir_tree         calls=2
KEEP htrain_0156_cut_field+max_number         calls=4
KEEP htrain_0158_replace_text+find_by_content calls=3
KEEP htrain_0159_cut_field+mkdir_tree         calls=4
KEEP htrain_0155_rename_ext+empty_files       calls=5
hard_train: kept 112/160
KEEP htest_0002_concat+delete_pattern         calls=1
KEEP htest_0000_tar_create+reverse_lines      calls=3
KEEP htest_0001_symlink+dir_sizes             calls=3
KEEP htest_0005_head_lines+chmod_exec         calls=1
KEEP htest_0003_word_freq+mkdir_tree          calls=4
KEEP htest_0004_mkdir_tree+replace_text       calls=3
KEEP htest_0006_move_file+word_freq           calls=3
KEEP htest_0007_rename_ext+grep_count         calls=4
KEEP htest_0008_gzip_file+word_freq           calls=3
KEEP htest_0010_count_words+tar_extract       calls=1
KEEP htest_0009_chmod_exec+cut_field          calls=4
KEEP htest_0011_chmod_exec+cut_field          calls=4
KEEP htest_0012_mkdir_tree+delete_pattern     calls=2
KEEP htest_0013_reverse_lines+char_count      calls=2
KEEP htest_0015_line_number_match+reverse_lines calls=4
KEEP htest_0016_empty_files+gzip_file         calls=4
KEEP htest_0014_dir_sizes+reverse_lines       calls=7
KEEP htest_0018_delete_pattern+json_extract   calls=4
KEEP htest_0017_cut_field+replace_text        calls=6
KEEP htest_0021_copy_file+gzip_file           calls=2
KEEP htest_0019_tar_extract+json_extract      calls=3
KEEP htest_0020_count_words+cut_field         calls=4
KEEP htest_0023_symlink+mkdir_tree            calls=2
KEEP htest_0022_max_number+replace_text       calls=4
KEEP htest_0024_copy_file+grep_count          calls=3
KEEP htest_0027_tail_lines+dir_sizes          calls=3
KEEP htest_0025_count_lines+rename_ext        calls=4
KEEP htest_0026_cut_field+symlink             calls=4
KEEP htest_0029_delete_pattern+char_count     calls=4
KEEP htest_0030_tail_lines+grep_count         calls=3
KEEP htest_0028_find_largest+reverse_lines    calls=5
KEEP htest_0032_tar_create+count_words        calls=2
KEEP htest_0033_gzip_file+delete_pattern      calls=3
KEEP htest_0031_gzip_file+find_largest        calls=4
KEEP htest_0034_concat+sort_unique            calls=3
KEEP htest_0037_replace_text+gzip_file        calls=3
KEEP htest_0036_find_by_content+replace_text  calls=4
KEEP htest_0035_gzip_file+dir_sizes           calls=5
KEEP htest_0038_mkdir_tree+char_count         calls=3
KEEP htest_0039_line_number_match+delete_pattern calls=4
KEEP htest_0040_sort_unique+find_by_content   calls=4
KEEP htest_0041_sort_unique+count_words       calls=3
KEEP htest_0043_copy_file+tar_extract         calls=1
KEEP htest_0042_mkdir_tree+count_files_ext    calls=3
KEEP htest_0045_count_lines+sort_unique       calls=1
KEEP htest_0046_head_lines+symlink            calls=1
KEEP htest_0044_find_largest+chmod_exec       calls=2
KEEP htest_0047_count_words+symlink           calls=3
hard_test: kept 48/48
grpo_mix: 176 tasks
