KEEP train_0088_append_line           attempt=1 calls=2 passed=True
KEEP train_0012_word_freq             attempt=1 calls=3 passed=True
KEEP train_0251_find_by_content       attempt=1 calls=3 passed=True
KEEP train_0151_count_files_ext       attempt=1 calls=2 passed=True
KEEP train_0003_find_largest          attempt=1 calls=3 passed=True
KEEP train_0190_cut_field             attempt=1 calls=2 passed=True
KEEP train_0311_tar_create            attempt=1 calls=2 passed=True
KEEP train_0036_find_largest          attempt=1 calls=3 passed=True
KEEP train_0087_json_extract          attempt=1 calls=3 passed=True
KEEP train_0256_cut_field             attempt=1 calls=2 passed=True
KEEP train_0313_symlink               attempt=1 calls=2 passed=True
KEEP train_0128_char_count            attempt=1 calls=2 passed=True
KEEP train_0051_head_lines            attempt=1 calls=2 passed=True
KEEP train_0237_copy_file             attempt=1 calls=3 passed=True
KEEP train_0268_rename_ext            attempt=1 calls=3 passed=True
KEEP train_0273_sort_unique           attempt=1 calls=2 passed=True
KEEP train_0140_delete_pattern        attempt=1 calls=2 passed=True
KEEP train_0065_touch_many            attempt=1 calls=2 passed=True
KEEP train_0068_grep_count            attempt=1 calls=2 passed=True
KEEP train_0166_count_words           attempt=1 calls=2 passed=True
KEEP train_0243_word_freq             attempt=1 calls=3 passed=True
KEEP train_0212_tar_create            attempt=1 calls=2 passed=True
KEEP train_0016_symlink               attempt=1 calls=2 passed=True
KEEP train_0280_symlink               attempt=1 calls=2 passed=True
KEEP train_0039_copy_file             attempt=1 calls=2 passed=True
KEEP train_0117_head_lines            attempt=1 calls=2 passed=True
KEEP train_0281_tail_lines            attempt=1 calls=2 passed=True
KEEP train_0263_touch_many            attempt=1 calls=2 passed=True
KEEP train_0040_move_file             attempt=1 calls=2 passed=True
KEEP train_0219_json_extract          attempt=1 calls=3 passed=True
KEEP train_0185_find_by_content       attempt=1 calls=3 passed=True
KEEP train_0238_move_file             attempt=1 calls=2 passed=True
KEEP train_0231_count_lines           attempt=1 calls=2 passed=True
KEEP train_0312_chmod_exec            attempt=1 calls=2 passed=True
KEEP train_0215_tail_lines            attempt=1 calls=2 passed=True
KEEP train_0007_move_file             attempt=1 calls=2 passed=True
KEEP train_0027_empty_files           attempt=1 calls=3 passed=True
KEEP train_0213_chmod_exec            attempt=1 calls=2 passed=True
drop train_0162_dir_sizes             attempt=1 calls=2 passed=False
KEEP train_0162_dir_sizes             attempt=2 calls=3 passed=True
KEEP train_0102_find_largest          attempt=1 calls=3 passed=True
KEEP train_0126_empty_files           attempt=1 calls=3 passed=True
KEEP train_0083_tail_lines            attempt=1 calls=2 passed=True
KEEP train_0056_concat                attempt=1 calls=2 passed=True
KEEP train_0022_append_line           attempt=1 calls=1 passed=True
KEEP train_0066_count_lines           attempt=1 calls=3 passed=True
KEEP train_0230_touch_many            attempt=1 calls=2 passed=True
KEEP train_0253_append_line           attempt=1 calls=1 passed=True
KEEP train_0298_count_words           attempt=1 calls=2 passed=True
KEEP train_0090_max_number            attempt=1 calls=2 passed=True
KEEP train_0174_sort_unique           attempt=1 calls=3 passed=True
KEEP train_0186_json_extract          attempt=1 calls=3 passed=True
KEEP train_0057_max_number            attempt=1 calls=3 passed=True
KEEP train_0120_json_extract          attempt=1 calls=2 passed=True
KEEP train_0182_tail_lines            attempt=1 calls=2 passed=True
KEEP train_0127_reverse_lines         attempt=1 calls=3 passed=True
KEEP train_0168_find_largest          attempt=1 calls=3 passed=True
KEEP train_0163_line_number_match     attempt=1 calls=2 passed=True
KEEP train_0153_json_extract          attempt=1 calls=3 passed=True
KEEP train_0167_grep_count            attempt=1 calls=3 passed=True
KEEP train_0059_gzip_file             attempt=1 calls=2 passed=True
KEEP train_0165_count_lines           attempt=1 calls=2 passed=True
KEEP train_0249_head_lines            attempt=1 calls=3 passed=True
KEEP train_0210_word_freq             attempt=1 calls=3 passed=True
KEEP train_0207_sort_unique           attempt=1 calls=3 passed=True
KEEP train_0299_grep_count            attempt=1 calls=5 passed=True
KEEP train_0301_rename_ext            attempt=1 calls=2 passed=True
KEEP train_0199_count_words           attempt=1 calls=2 passed=True
KEEP train_0101_grep_count            attempt=1 calls=3 passed=True
KEEP train_0103_rename_ext            attempt=1 calls=1 passed=True
KEEP train_0024_max_number            attempt=1 calls=3 passed=True
KEEP train_0141_sort_unique           attempt=1 calls=2 passed=True
KEEP train_0220_append_line           attempt=1 calls=2 passed=True
KEEP train_0264_count_lines           attempt=1 calls=3 passed=True
KEEP train_0076_sum_column            attempt=1 calls=2 passed=True
KEEP train_0038_mkdir_tree            attempt=1 calls=2 passed=True
KEEP train_0054_json_extract          attempt=1 calls=3 passed=True
KEEP train_0049_symlink               attempt=1 calls=2 passed=True
KEEP train_0072_copy_file             attempt=1 calls=2 passed=True
KEEP train_0106_move_file             attempt=1 calls=1 passed=True
KEEP train_0276_word_freq             attempt=1 calls=3 passed=True
KEEP train_0266_grep_count            attempt=1 calls=3 passed=True
KEEP train_0156_max_number            attempt=1 calls=2 passed=True
KEEP train_0098_touch_many            attempt=1 calls=1 passed=True
KEEP train_0110_replace_text          attempt=1 calls=2 passed=True
KEEP train_0031_line_number_match     attempt=1 calls=2 passed=True
KEEP train_0221_concat                attempt=1 calls=2 passed=True
KEEP train_0044_replace_text          attempt=1 calls=3 passed=True
KEEP train_0132_count_lines           attempt=1 calls=3 passed=True
KEEP train_0116_tail_lines            attempt=1 calls=2 passed=True
KEEP train_0279_chmod_exec            attempt=1 calls=2 passed=True
KEEP train_0173_delete_pattern        attempt=1 calls=2 passed=True
KEEP train_0099_count_lines           attempt=1 calls=1 passed=True
KEEP train_0242_replace_text          attempt=1 calls=2 passed=True
KEEP train_0042_sort_unique           attempt=1 calls=3 passed=True
KEEP train_0145_tar_extract           attempt=1 calls=2 passed=True
KEEP train_0250_count_files_ext       attempt=1 calls=3 passed=True
KEEP train_0197_touch_many            attempt=1 calls=2 passed=True
KEEP train_0293_char_count            attempt=1 calls=2 passed=True
KEEP train_0061_reverse_lines         attempt=1 calls=3 passed=True
KEEP train_0233_grep_count            attempt=1 calls=3 passed=True
KEEP train_0159_empty_files           attempt=1 calls=3 passed=True
KEEP train_0317_find_by_content       attempt=1 calls=3 passed=True
KEEP train_0107_delete_pattern        attempt=1 calls=2 passed=True
KEEP train_0028_reverse_lines         attempt=1 calls=3 passed=True
KEEP train_0295_line_number_match     attempt=1 calls=3 passed=True
KEEP train_0086_find_by_content       attempt=1 calls=3 passed=True
KEEP train_0004_rename_ext            attempt=1 calls=1 passed=True
KEEP train_0229_line_number_match     attempt=1 calls=2 passed=True
KEEP train_0178_tar_extract           attempt=1 calls=2 passed=True
KEEP train_0014_tar_create            attempt=1 calls=2 passed=True
KEEP train_0183_head_lines            attempt=1 calls=2 passed=True
KEEP train_0009_sort_unique           attempt=1 calls=3 passed=True
KEEP train_0189_max_number            attempt=1 calls=2 passed=True
KEEP train_0010_sum_column            attempt=1 calls=2 passed=True
KEEP train_0297_count_lines           attempt=1 calls=3 passed=True
KEEP train_0262_line_number_match     attempt=1 calls=2 passed=True
KEEP train_0272_delete_pattern        attempt=1 calls=2 passed=True
KEEP train_0135_find_largest          attempt=1 calls=3 passed=True
KEEP train_0074_delete_pattern        attempt=1 calls=2 passed=True
KEEP train_0201_find_largest          attempt=1 calls=3 passed=True
KEEP train_0261_dir_sizes             attempt=1 calls=2 passed=True
KEEP train_0000_count_lines           attempt=1 calls=1 passed=True
KEEP train_0175_sum_column            attempt=1 calls=2 passed=True
KEEP train_0287_concat                attempt=1 calls=2 passed=True
KEEP train_0222_max_number            attempt=1 calls=2 passed=True
KEEP train_0138_copy_file             attempt=1 calls=3 passed=True
KEEP train_0052_count_files_ext       attempt=1 calls=3 passed=True
KEEP train_0077_replace_text          attempt=1 calls=1 passed=True
KEEP train_0050_tail_lines            attempt=1 calls=2 passed=True
KEEP train_0067_count_words           attempt=1 calls=2 passed=True
KEEP train_0030_dir_sizes             attempt=1 calls=3 passed=True
KEEP train_0139_move_file             attempt=1 calls=1 passed=True
KEEP train_0104_mkdir_tree            attempt=1 calls=2 passed=True
KEEP train_0248_tail_lines            attempt=1 calls=2 passed=True
KEEP train_0125_gzip_file             attempt=1 calls=2 passed=True
KEEP train_0081_chmod_exec            attempt=1 calls=2 passed=True
KEEP train_0018_head_lines            attempt=1 calls=3 passed=True
KEEP train_0310_tar_extract           attempt=1 calls=2 passed=True
KEEP train_0133_count_words           attempt=1 calls=2 passed=True
KEEP train_0239_delete_pattern        attempt=1 calls=2 passed=True
KEEP train_0155_concat                attempt=1 calls=2 passed=True
KEEP train_0021_json_extract          attempt=1 calls=3 passed=True
KEEP train_0194_char_count            attempt=1 calls=2 passed=True
KEEP train_0296_touch_many            attempt=1 calls=2 passed=True
KEEP train_0235_rename_ext            attempt=1 calls=1 passed=True
KEEP train_0217_count_files_ext       attempt=1 calls=2 passed=True
KEEP train_0216_head_lines            attempt=1 calls=2 passed=True
KEEP train_0034_count_words           attempt=1 calls=2 passed=True
KEEP train_0100_count_words           attempt=1 calls=2 passed=True
KEEP train_0089_concat                attempt=1 calls=2 passed=True
KEEP train_0091_cut_field             attempt=1 calls=2 passed=True
KEEP train_0188_concat                attempt=1 calls=2 passed=True
KEEP train_0170_mkdir_tree            attempt=1 calls=2 passed=True
KEEP train_0240_sort_unique           attempt=1 calls=3 passed=True
KEEP train_0177_word_freq             attempt=1 calls=2 passed=True
KEEP train_0095_char_count            attempt=1 calls=2 passed=True
KEEP train_0255_max_number            attempt=1 calls=2 passed=True
KEEP train_0205_move_file             attempt=1 calls=1 passed=True
KEEP train_0232_count_words           attempt=1 calls=2 passed=True
KEEP train_0045_word_freq             attempt=1 calls=3 passed=True
KEEP train_0017_tail_lines            attempt=1 calls=2 passed=True
KEEP train_0048_chmod_exec            attempt=1 calls=2 passed=True
KEEP train_0223_cut_field             attempt=1 calls=2 passed=True
KEEP train_0043_sum_column            attempt=1 calls=2 passed=True
KEEP train_0260_char_count            attempt=1 calls=2 passed=True
KEEP train_0278_tar_create            attempt=1 calls=2 passed=True
KEEP train_0064_line_number_match     attempt=1 calls=2 passed=True
KEEP train_0275_replace_text          attempt=1 calls=2 passed=True
KEEP train_0226_reverse_lines         attempt=1 calls=3 passed=True
KEEP train_0071_mkdir_tree            attempt=1 calls=2 passed=True
KEEP train_0154_append_line           attempt=1 calls=1 passed=True
KEEP train_0236_mkdir_tree            attempt=1 calls=2 passed=True
KEEP train_0291_empty_files           attempt=1 calls=2 passed=True
KEEP train_0146_tar_create            attempt=1 calls=2 passed=True
KEEP train_0096_dir_sizes             attempt=1 calls=4 passed=True
KEEP train_0097_line_number_match     attempt=1 calls=3 passed=True
KEEP train_0180_chmod_exec            attempt=1 calls=2 passed=True
KEEP train_0305_delete_pattern        attempt=1 calls=2 passed=True
KEEP train_0109_sum_column            attempt=1 calls=2 passed=True
KEEP train_0300_find_largest          attempt=1 calls=3 passed=True
KEEP train_0195_dir_sizes             attempt=1 calls=4 passed=True
KEEP train_0158_gzip_file             attempt=1 calls=2 passed=True
KEEP train_0161_char_count            attempt=1 calls=3 passed=True
KEEP train_0164_touch_many            attempt=1 calls=2 passed=True
KEEP train_0082_symlink               attempt=1 calls=2 passed=True
KEEP train_0085_count_files_ext       attempt=1 calls=2 passed=True
KEEP train_0070_rename_ext            attempt=1 calls=1 passed=True
KEEP train_0144_word_freq             attempt=1 calls=3 passed=True
KEEP train_0318_json_extract          attempt=1 calls=3 passed=True
KEEP train_0075_sort_unique           attempt=1 calls=2 passed=True
KEEP train_0035_grep_count            attempt=1 calls=2 passed=True
KEEP train_0288_max_number            attempt=1 calls=2 passed=True
KEEP train_0247_symlink               attempt=1 calls=2 passed=True
KEEP train_0105_copy_file             attempt=1 calls=2 passed=True
KEEP train_0060_empty_files           attempt=1 calls=2 passed=True
KEEP train_0079_tar_extract           attempt=1 calls=2 passed=True
KEEP train_0002_grep_count            attempt=1 calls=2 passed=True
KEEP train_0214_symlink               attempt=1 calls=2 passed=True
KEEP train_0204_copy_file             attempt=1 calls=3 passed=True
KEEP train_0063_dir_sizes             attempt=1 calls=3 passed=True
KEEP train_0315_head_lines            attempt=1 calls=2 passed=True
KEEP train_0123_max_number            attempt=1 calls=2 passed=True
KEEP train_0319_append_line           attempt=1 calls=2 passed=True
KEEP train_0196_line_number_match     attempt=1 calls=2 passed=True
KEEP train_0115_symlink               attempt=1 calls=2 passed=True
KEEP train_0208_sum_column            attempt=1 calls=3 passed=True
KEEP train_0046_tar_extract           attempt=1 calls=1 passed=True
KEEP train_0147_chmod_exec            attempt=1 calls=2 passed=True
KEEP train_0228_dir_sizes             attempt=1 calls=3 passed=True
KEEP train_0137_mkdir_tree            attempt=1 calls=2 passed=True
KEEP train_0142_sum_column            attempt=1 calls=2 passed=True
KEEP train_0001_count_words           attempt=1 calls=2 passed=True
KEEP train_0314_tail_lines            attempt=1 calls=2 passed=True
KEEP train_0006_copy_file             attempt=1 calls=2 passed=True
KEEP train_0131_touch_many            attempt=1 calls=2 passed=True
KEEP train_0307_sum_column            attempt=1 calls=2 passed=True
KEEP train_0084_head_lines            attempt=1 calls=3 passed=True
KEEP train_0122_concat                attempt=1 calls=2 passed=True
KEEP train_0015_chmod_exec            attempt=1 calls=2 passed=True
KEEP train_0041_delete_pattern        attempt=1 calls=2 passed=True
KEEP train_0302_mkdir_tree            attempt=1 calls=2 passed=True
KEEP train_0211_tar_extract           attempt=1 calls=1 passed=True
KEEP train_0227_char_count            attempt=1 calls=2 passed=True
KEEP train_0202_rename_ext            attempt=1 calls=1 passed=True
KEEP train_0118_count_files_ext       attempt=1 calls=2 passed=True
KEEP train_0274_sum_column            attempt=1 calls=2 passed=True
KEEP train_0286_append_line           attempt=1 calls=2 passed=True
KEEP train_0078_word_freq             attempt=1 calls=3 passed=True
KEEP train_0152_find_by_content       attempt=1 calls=3 passed=True
KEEP train_0254_concat                attempt=1 calls=2 passed=True
KEEP train_0283_count_files_ext       attempt=1 calls=2 passed=True
KEEP train_0112_tar_extract           attempt=1 calls=2 passed=True
KEEP train_0241_sum_column            attempt=1 calls=2 passed=True
KEEP train_0055_append_line           attempt=1 calls=2 passed=True
KEEP train_0136_rename_ext            attempt=1 calls=2 passed=True
KEEP train_0290_gzip_file             attempt=1 calls=2 passed=True
KEEP train_0171_copy_file             attempt=1 calls=2 passed=True
KEEP train_0148_symlink               attempt=1 calls=2 passed=True
KEEP train_0124_cut_field             attempt=1 calls=2 passed=True
KEEP train_0160_reverse_lines         attempt=1 calls=3 passed=True
KEEP train_0282_head_lines            attempt=1 calls=2 passed=True
KEEP train_0033_count_lines           attempt=1 calls=3 passed=True
KEEP train_0259_reverse_lines         attempt=1 calls=3 passed=True
KEEP train_0277_tar_extract           attempt=1 calls=2 passed=True
KEEP train_0198_count_lines           attempt=1 calls=1 passed=True
KEEP train_0245_tar_create            attempt=1 calls=2 passed=True
KEEP train_0172_move_file             attempt=1 calls=1 passed=True
KEEP train_0244_tar_extract           attempt=1 calls=1 passed=True
KEEP train_0058_cut_field             attempt=1 calls=2 passed=True
KEEP train_0047_tar_create            attempt=1 calls=2 passed=True
KEEP train_0246_chmod_exec            attempt=1 calls=2 passed=True
KEEP train_0026_gzip_file             attempt=1 calls=2 passed=True
KEEP train_0121_append_line           attempt=1 calls=2 passed=True
KEEP train_0037_rename_ext            attempt=1 calls=1 passed=True
KEEP train_0191_gzip_file             attempt=1 calls=2 passed=True
KEEP train_0267_find_largest          attempt=1 calls=3 passed=True
KEEP train_0169_rename_ext            attempt=1 calls=1 passed=True
KEEP train_0073_move_file             attempt=1 calls=2 passed=True
KEEP train_0181_symlink               attempt=1 calls=2 passed=True
KEEP train_0270_copy_file             attempt=1 calls=2 passed=True
KEEP train_0008_delete_pattern        attempt=1 calls=2 passed=True
KEEP train_0129_dir_sizes             attempt=1 calls=3 passed=True
KEEP train_0184_count_files_ext       attempt=1 calls=3 passed=True
KEEP train_0206_delete_pattern        attempt=1 calls=2 passed=True
KEEP train_0080_tar_create            attempt=1 calls=2 passed=True
KEEP train_0193_reverse_lines         attempt=1 calls=3 passed=True
KEEP train_0179_tar_create            attempt=1 calls=2 passed=True
KEEP train_0289_cut_field             attempt=1 calls=2 passed=True
KEEP train_0111_word_freq             attempt=1 calls=3 passed=True
KEEP train_0134_grep_count            attempt=1 calls=3 passed=True
KEEP train_0092_gzip_file             attempt=1 calls=2 passed=True
KEEP train_0062_char_count            attempt=1 calls=2 passed=True
KEEP train_0224_gzip_file             attempt=1 calls=2 passed=True
KEEP train_0269_mkdir_tree            attempt=1 calls=2 passed=True
KEEP train_0316_count_files_ext       attempt=1 calls=2 passed=True
KEEP train_0258_empty_files           attempt=1 calls=3 passed=True
KEEP train_0013_tar_extract           attempt=1 calls=2 passed=True
KEEP train_0149_tail_lines            attempt=1 calls=2 passed=True
KEEP train_0150_head_lines            attempt=1 calls=2 passed=True
KEEP train_0309_word_freq             attempt=1 calls=3 passed=True
KEEP train_0005_mkdir_tree            attempt=1 calls=2 passed=True
KEEP train_0209_replace_text          attempt=1 calls=3 passed=True
KEEP train_0203_mkdir_tree            attempt=1 calls=2 passed=True
KEEP train_0200_grep_count            attempt=1 calls=2 passed=True
KEEP train_0029_char_count            attempt=1 calls=3 passed=True
KEEP train_0306_sort_unique           attempt=1 calls=2 passed=True
KEEP train_0284_find_by_content       attempt=1 calls=3 passed=True
KEEP train_0176_replace_text          attempt=1 calls=1 passed=True
KEEP train_0113_tar_create            attempt=1 calls=2 passed=True
KEEP train_0304_move_file             attempt=1 calls=1 passed=True
KEEP train_0094_reverse_lines         attempt=1 calls=3 passed=True
KEEP train_0218_find_by_content       attempt=1 calls=3 passed=True
KEEP train_0292_reverse_lines         attempt=1 calls=3 passed=True
KEEP train_0019_count_files_ext       attempt=1 calls=2 passed=True
KEEP train_0252_json_extract          attempt=1 calls=3 passed=True
KEEP train_0187_append_line           attempt=1 calls=2 passed=True
KEEP train_0157_cut_field             attempt=1 calls=2 passed=True
KEEP train_0234_find_largest          attempt=1 calls=3 passed=True
KEEP train_0257_gzip_file             attempt=1 calls=1 passed=True
KEEP train_0011_replace_text          attempt=1 calls=2 passed=True
KEEP train_0023_concat                attempt=1 calls=2 passed=True
KEEP train_0285_json_extract          attempt=1 calls=3 passed=True
KEEP train_0143_replace_text          attempt=1 calls=2 passed=True
KEEP train_0192_empty_files           attempt=1 calls=3 passed=True
KEEP train_0119_find_by_content       attempt=1 calls=3 passed=True
KEEP train_0020_find_by_content       attempt=1 calls=3 passed=True
KEEP train_0025_cut_field             attempt=1 calls=2 passed=True
KEEP train_0294_dir_sizes             attempt=1 calls=4 passed=True
KEEP train_0108_sort_unique           attempt=1 calls=3 passed=True
KEEP train_0032_touch_many            attempt=1 calls=2 passed=True
KEEP train_0225_empty_files           attempt=1 calls=3 passed=True
KEEP train_0053_find_by_content       attempt=1 calls=3 passed=True
KEEP train_0265_count_words           attempt=1 calls=2 passed=True
KEEP train_0271_move_file             attempt=1 calls=2 passed=True
KEEP train_0114_chmod_exec            attempt=1 calls=2 passed=True
KEEP train_0308_replace_text          attempt=1 calls=2 passed=True
KEEP train_0069_find_largest          attempt=1 calls=3 passed=True
KEEP train_0093_empty_files           attempt=1 calls=2 passed=True
KEEP train_0130_line_number_match     attempt=1 calls=2 passed=True
KEEP train_0303_copy_file             attempt=1 calls=2 passed=True
kept 320/320 trajectories -> data/sft.jsonl
per category: {'word_freq': 10, 'append_line': 10, 'find_largest': 10, 'find_by_content': 10, 'count_files_ext': 10, 'cut_field': 9, 'tar_create': 10, 'json_extract': 10, 'symlink': 10, 'char_count': 9, 'copy_file': 10, 'head_lines': 10, 'rename_ext': 10, 'delete_pattern': 10, 'sort_unique': 10, 'touch_many': 9, 'grep_count': 10, 'count_words': 10, 'tail_lines': 10, 'move_file': 10, 'count_lines': 10, 'chmod_exec': 10, 'empty_files': 9, 'dir_sizes': 9, 'concat': 9, 'max_number': 9, 'reverse_lines': 9, 'line_number_match': 9, 'gzip_file': 9, 'sum_column': 10, 'mkdir_tree': 10, 'replace_text': 10, 'tar_extract': 10}
